// Jest Snapshot v1, https://goo.gl/fbAQLP

exports[`1. save and share bar renders correctly 1`] = `
<div
  style={
    Object {
      "WebkitBoxDirection": "normal",
      "WebkitBoxFlex": 1,
      "WebkitBoxOrient": "horizontal",
      "WebkitBoxPack": "justify",
      "WebkitFlexBasis": "0%",
      "WebkitFlexDirection": "row",
      "WebkitFlexGrow": 1,
      "WebkitFlexShrink": 1,
      "WebkitJustifyContent": "space-between",
      "flexBasis": "0%",
      "flexDirection": "row",
      "flexGrow": 1,
      "flexShrink": 1,
      "justifyContent": "space-between",
      "msFlexDirection": "row",
      "msFlexNegative": 1,
      "msFlexPack": "justify",
      "msFlexPositive": 1,
      "msFlexPreferredSize": "0%",
    }
  }
/>
`;
